// Vitest Snapshot v1, https://vitest.dev/guide/snapshot.html

exports[`<App /> > should render the Home Page 1`] = `
<div>
  <div>
    <div
      class="grid grid-cols-2"
    >
      <a
        href="https://vitejs.dev"
        rel="noreferrer"
        target="_blank"
      >
        <img
          alt="Vite logo"
          class="logo"
          src="/vite.svg"
        />
      </a>
      <a
        href="https://react.dev"
        rel="noreferrer"
        target="_blank"
      >
        <img
          alt="React logo"
          class="logo react"
          src="/src/assets/react.svg"
        />
      </a>
    </div>
    <h1>
      Vite + React
    </h1>
    <div
      class="card"
    >
      <button>
        count is 
        0
      </button>
      <p>
        Edit 
        <code>
          src/App.tsx
        </code>
         and save to test HMR
      </p>
    </div>
    <p
      class="read-the-docs"
    >
      Click on the Vite and React logos to learn more
    </p>
  </div>
</div>
`;
